../Core/Src/main.c:70:6:Servo_Entrance_Open	8	static
../Core/Src/main.c:76:6:Servo_Entrance_Close	8	static
../Core/Src/main.c:88:5:main	8	static
../Core/Src/main.c:152:6:SystemClock_Config	128	static
../Core/Src/main.c:203:13:MX_I2C1_Init	8	static
../Core/Src/main.c:251:13:MX_SPI1_Init	8	static
../Core/Src/main.c:291:13:MX_TIM1_Init	96	static
../Core/Src/main.c:365:13:MX_USB_PCD_Init	8	static
../Core/Src/main.c:396:13:MX_GPIO_Init	48	static
../Core/Src/main.c:453:6:Error_Handler	4	static,ignoring_inline_asm
